*** Using Compiler 'V6.22', folder: 'D:\stmcore\ARM\ARMCLANG\Bin'
Build target 'Project'
assembling startup_stm32f103xb.s...
compiling stm32f1xx_hal_msp.c...
compiling gpio.c...
compiling adc.c...
compiling main.c...
compiling dma.c...
compiling stm32f1xx_hal_gpio_ex.c...
compiling stm32f1xx_it.c...
compiling i2c.c...
compiling usart.c...
compiling dth12.c...
compiling stm32f1xx_hal_adc_ex.c...
compiling stm32f1xx_hal_adc.c...
compiling stm32f1xx_hal.c...
compiling stm32f1xx_hal_rcc_ex.c...
compiling stm32f1xx_hal_rcc.c...
compiling stm32f1xx_hal_gpio.c...
compiling stm32f1xx_hal_exti.c...
compiling stm32f1xx_hal_flash.c...
compiling stm32f1xx_hal_dma.c...
compiling system_stm32f1xx.c...
compiling stm32f1xx_hal_pwr.c...
compiling stm32f1xx_hal_cortex.c...
compiling stm32f1xx_hal_flash_ex.c...
compiling stm32f1xx_hal_uart.c...
compiling stm32f1xx_hal_i2c.c...
linking...
Program Size: Code=22288 RO-data=396 RW-data=16 ZI-data=1600  
FromELF: creating hex file...
"Project\Project.axf" - 0 Error(s), 0 Warning(s).
Build Time Elapsed:  00:00:02
